============================================================
Two-Sample Difference Check
============================================================

[1/4] Loading checkpoint: project/runs/20260114-201551/checkpoint.pt
  - Epoch: 37
  - Model config: {'in_features': 5, 'd_model': 128, 'n_layers': 4, 'dropout': 0.0, 'out_coeffs': 16, 'encoder_type': 'auto'}

[2/4] Building model...
Traceback (most recent call last):
  File "/home/misaka/fiberglass/tools_diagnose/check_two_sample_diff.py", line 202, in <module>
    check_two_sample_diff(
    ~~~~~~~~~~~~~~~~~~~~~^
        checkpoint_path=args.checkpoint,
        ^^^^^^^^^^^^^^^^^^^^^^^^^^^^^^^^
        manifest_path=args.manifest,
        ^^^^^^^^^^^^^^^^^^^^^^^^^^^^
        device=args.device
        ^^^^^^^^^^^^^^^^^^
    )
    ^
  File "/home/misaka/fiberglass/tools_diagnose/check_two_sample_diff.py", line 49, in check_two_sample_diff
    model.load_state_dict(checkpoint['model_state'])
    ~~~~~~~~~~~~~~~~~~~~~^^^^^^^^^^^^^^^^^^^^^^^^^^^
  File "/home/misaka/miniconda3/lib/python3.13/site-packages/torch/nn/modules/module.py", line 2629, in load_state_dict
    raise RuntimeError(
    ...<3 lines>...
    )
RuntimeError: Error(s) in loading state_dict for MambaCoeffNet:
	Unexpected key(s) in state_dict: "mamba_layers.0.A_log", "mamba_layers.0.D", "mamba_layers.0.in_proj.weight", "mamba_layers.0.conv1d.weight", "mamba_layers.0.conv1d.bias", "mamba_layers.0.x_proj.weight", "mamba_layers.0.dt_proj.weight", "mamba_layers.0.dt_proj.bias", "mamba_layers.0.out_proj.weight", "mamba_layers.1.A_log", "mamba_layers.1.D", "mamba_layers.1.in_proj.weight", "mamba_layers.1.conv1d.weight", "mamba_layers.1.conv1d.bias", "mamba_layers.1.x_proj.weight", "mamba_layers.1.dt_proj.weight", "mamba_layers.1.dt_proj.bias", "mamba_layers.1.out_proj.weight", "mamba_layers.2.A_log", "mamba_layers.2.D", "mamba_layers.2.in_proj.weight", "mamba_layers.2.conv1d.weight", "mamba_layers.2.conv1d.bias", "mamba_layers.2.x_proj.weight", "mamba_layers.2.dt_proj.weight", "mamba_layers.2.dt_proj.bias", "mamba_layers.2.out_proj.weight", "mamba_layers.3.A_log", "mamba_layers.3.D", "mamba_layers.3.in_proj.weight", "mamba_layers.3.conv1d.weight", "mamba_layers.3.conv1d.bias", "mamba_layers.3.x_proj.weight", "mamba_layers.3.dt_proj.weight", "mamba_layers.3.dt_proj.bias", "mamba_layers.3.out_proj.weight". 
